[2026-04-16T14:20:56.351+0800][0.041s] Using G1
[2026-04-16T14:20:56.358+0800][0.048s] Version: 17.0.18+8-LTS-264 (release)
[2026-04-16T14:20:56.358+0800][0.048s] CPUs: 16 total, 16 available
[2026-04-16T14:20:56.358+0800][0.049s] Memory: 14198M
[2026-04-16T14:20:56.358+0800][0.049s] Large Page Support: Disabled
[2026-04-16T14:20:56.358+0800][0.049s] NUMA Support: Disabled
[2026-04-16T14:20:56.358+0800][0.049s] Compressed Oops: Enabled (32-bit)
[2026-04-16T14:20:56.359+0800][0.049s] Heap Region Size: 16M
[2026-04-16T14:20:56.359+0800][0.049s] Heap Min Capacity: 2G
[2026-04-16T14:20:56.359+0800][0.049s] Heap Initial Capacity: 2G
[2026-04-16T14:20:56.359+0800][0.049s] Heap Max Capacity: 2G
[2026-04-16T14:20:56.359+0800][0.049s] Pre-touch: Disabled
[2026-04-16T14:20:56.359+0800][0.050s] Parallel Workers: 13
[2026-04-16T14:20:56.359+0800][0.050s] Concurrent Workers: 3
[2026-04-16T14:20:56.359+0800][0.050s] Concurrent Refinement Workers: 13
[2026-04-16T14:20:56.359+0800][0.050s] Periodic GC: Disabled
[2026-04-16T14:20:56.367+0800][0.057s] CDS archive(s) mapped at: [0x0000023cd0000000-0x0000023cd0bd0000-0x0000023cd0bd0000), size 12386304, SharedBaseAddress: 0x0000023cd0000000, ArchiveRelocationMode: 1.
[2026-04-16T14:20:56.367+0800][0.058s] Compressed class space mapped at: 0x0000023cd1000000-0x0000023ceb000000, reserved size: 436207616
[2026-04-16T14:20:56.367+0800][0.058s] Narrow klass base: 0x0000023cd0000000, Narrow klass shift: 0, Narrow klass range: 0x100000000
[2026-04-16T14:21:04.047+0800][7.737s] GC(0) Pause Young (Normal) (G1 Evacuation Pause)
[2026-04-16T14:21:04.047+0800][7.738s] GC(0) Using 13 workers of 13 for evacuation
[2026-04-16T14:21:04.069+0800][7.760s] GC(0)   Pre Evacuate Collection Set: 0.1ms
[2026-04-16T14:21:04.070+0800][7.760s] GC(0)   Merge Heap Roots: 0.1ms
[2026-04-16T14:21:04.070+0800][7.760s] GC(0)   Evacuate Collection Set: 20.1ms
[2026-04-16T14:21:04.070+0800][7.760s] GC(0)   Post Evacuate Collection Set: 1.9ms
[2026-04-16T14:21:04.070+0800][7.760s] GC(0)   Other: 0.7ms
[2026-04-16T14:21:04.070+0800][7.760s] GC(0) Eden regions: 64->0(61)
[2026-04-16T14:21:04.070+0800][7.760s] GC(0) Survivor regions: 0->3(8)
[2026-04-16T14:21:04.070+0800][7.760s] GC(0) Old regions: 0->0
[2026-04-16T14:21:04.070+0800][7.760s] GC(0) Archive regions: 0->0
[2026-04-16T14:21:04.070+0800][7.760s] GC(0) Humongous regions: 0->0
[2026-04-16T14:21:04.070+0800][7.760s] GC(0) Metaspace: 66569K(67136K)->66569K(67136K) NonClass: 57618K(57920K)->57618K(57920K) Class: 8951K(9216K)->8951K(9216K)
[2026-04-16T14:21:04.070+0800][7.760s] GC(0) Pause Young (Normal) (G1 Evacuation Pause) 1024M->40M(2048M) 23.204ms
[2026-04-16T14:21:04.070+0800][7.760s] GC(0) User=0.12s Sys=0.28s Real=0.02s
