[2026-04-16T14:25:27.856+0800][0.039s] Using G1
[2026-04-16T14:25:27.862+0800][0.044s] Version: 17.0.18+8-LTS-264 (release)
[2026-04-16T14:25:27.862+0800][0.044s] CPUs: 16 total, 16 available
[2026-04-16T14:25:27.862+0800][0.044s] Memory: 14198M
[2026-04-16T14:25:27.862+0800][0.044s] Large Page Support: Disabled
[2026-04-16T14:25:27.862+0800][0.044s] NUMA Support: Disabled
[2026-04-16T14:25:27.862+0800][0.044s] Compressed Oops: Enabled (32-bit)
[2026-04-16T14:25:27.862+0800][0.044s] Heap Region Size: 16M
[2026-04-16T14:25:27.862+0800][0.044s] Heap Min Capacity: 2G
[2026-04-16T14:25:27.862+0800][0.044s] Heap Initial Capacity: 2G
[2026-04-16T14:25:27.862+0800][0.045s] Heap Max Capacity: 2G
[2026-04-16T14:25:27.862+0800][0.045s] Pre-touch: Disabled
[2026-04-16T14:25:27.863+0800][0.045s] Parallel Workers: 13
[2026-04-16T14:25:27.863+0800][0.045s] Concurrent Workers: 3
[2026-04-16T14:25:27.863+0800][0.045s] Concurrent Refinement Workers: 13
[2026-04-16T14:25:27.863+0800][0.045s] Periodic GC: Disabled
[2026-04-16T14:25:27.870+0800][0.052s] CDS archive(s) mapped at: [0x0000021440000000-0x0000021440bd0000-0x0000021440bd0000), size 12386304, SharedBaseAddress: 0x0000021440000000, ArchiveRelocationMode: 1.
[2026-04-16T14:25:27.870+0800][0.052s] Compressed class space mapped at: 0x0000021441000000-0x000002145b000000, reserved size: 436207616
[2026-04-16T14:25:27.870+0800][0.052s] Narrow klass base: 0x0000021440000000, Narrow klass shift: 0, Narrow klass range: 0x100000000
[2026-04-16T14:25:37.630+0800][9.813s] GC(0) Pause Young (Normal) (G1 Evacuation Pause)
[2026-04-16T14:25:37.631+0800][9.813s] GC(0) Using 13 workers of 13 for evacuation
[2026-04-16T14:25:37.659+0800][9.841s] GC(0)   Pre Evacuate Collection Set: 0.1ms
[2026-04-16T14:25:37.659+0800][9.841s] GC(0)   Merge Heap Roots: 0.1ms
[2026-04-16T14:25:37.659+0800][9.841s] GC(0)   Evacuate Collection Set: 24.2ms
[2026-04-16T14:25:37.659+0800][9.841s] GC(0)   Post Evacuate Collection Set: 2.7ms
[2026-04-16T14:25:37.659+0800][9.841s] GC(0)   Other: 0.9ms
[2026-04-16T14:25:37.659+0800][9.841s] GC(0) Eden regions: 64->0(61)
[2026-04-16T14:25:37.659+0800][9.841s] GC(0) Survivor regions: 0->3(8)
[2026-04-16T14:25:37.659+0800][9.841s] GC(0) Old regions: 0->0
[2026-04-16T14:25:37.659+0800][9.841s] GC(0) Archive regions: 0->0
[2026-04-16T14:25:37.659+0800][9.841s] GC(0) Humongous regions: 0->0
[2026-04-16T14:25:37.659+0800][9.841s] GC(0) Metaspace: 73679K(74176K)->73679K(74176K) NonClass: 63792K(64064K)->63792K(64064K) Class: 9887K(10112K)->9887K(10112K)
[2026-04-16T14:25:37.659+0800][9.841s] GC(0) Pause Young (Normal) (G1 Evacuation Pause) 1024M->47M(2048M) 28.442ms
[2026-04-16T14:25:37.659+0800][9.841s] GC(0) User=0.14s Sys=0.06s Real=0.03s
